trustzone/tz_cfg/trustzone_cfg.c:1307:6:TZ_PPC_DWC_CB	0	static
trustzone/tz_cfg/trustzone_cfg.c:1313:6:TZ_PPC_ISP_CB	0	static
trustzone/tz_cfg/trustzone_cfg.c:1319:6:TZ_PPC_AHB3_CB	0	static
trustzone/tz_cfg/trustzone_cfg.c:1325:6:TZ_PPC_AHB1M4_CB	0	static
trustzone/tz_cfg/trustzone_cfg.c:1331:6:TZ_PPC_APB0NS_CB	0	static
trustzone/tz_cfg/trustzone_cfg.c:1337:6:TZ_PPC_APB0PS_CB	0	static
trustzone/tz_cfg/trustzone_cfg.c:1343:6:TZ_PPC_APB1NS_CB	0	static
trustzone/tz_cfg/trustzone_cfg.c:1349:6:TZ_PPC_APB1PS_CB	0	static
trustzone/tz_cfg/trustzone_cfg.c:1355:6:TZ_PPC_APB2_CB	0	static
trustzone/tz_cfg/trustzone_cfg.c:1368:6:TZ_PPC_APB1_AON_CB	0	static
trustzone/tz_cfg/trustzone_cfg.c:1375:6:TZ_DMA0_MSC_CB	0	static
trustzone/tz_cfg/trustzone_cfg.c:1381:6:TZ_DMA1_MSC_CB	0	static
trustzone/tz_cfg/trustzone_cfg.c:1387:6:TZ_DMA2M1_MSC_CB	0	static
trustzone/tz_cfg/trustzone_cfg.c:1393:6:TZ_DMA2M2_MSC_CB	0	static
trustzone/tz_cfg/trustzone_cfg.c:1399:6:TZ_DMA3M1_MSC_CB	0	static
trustzone/tz_cfg/trustzone_cfg.c:1405:6:TZ_DMA3M2_MSC_CB	0	static
trustzone/tz_cfg/trustzone_cfg.c:1413:6:TZ_DPDMA_MSC_CB	0	static
trustzone/tz_cfg/trustzone_cfg.c:1421:6:TZ_I3CH_MSC_CB	0	static
trustzone/tz_cfg/trustzone_cfg.c:1429:6:TZ_SDIO_MSC_CB	0	static
trustzone/tz_cfg/trustzone_cfg.c:1437:6:TZ_U55M0_MSC_CB	0	static
trustzone/tz_cfg/trustzone_cfg.c:1443:6:TZ_U55M1_MSC_CB	0	static
trustzone/tz_cfg/trustzone_cfg.c:1160:7:TZ_SAU_Setup	4	static
trustzone/tz_cfg/trustzone_cfg.c:1361:6:TZ_PPC_BOOTROM_CB	0	static
trustzone/tz_cfg/trustzone_cfg.c:1487:6:TZ_set_U55M0MSC	8	static
trustzone/tz_cfg/trustzone_cfg.c:1503:6:TZ_set_U55M1MSC	8	static
trustzone/tz_cfg/trustzone_cfg.c:1519:6:TZ_set_DPDMAMSC	8	static
trustzone/tz_cfg/trustzone_cfg.c:1534:6:TZ_set_DMA0MSC	8	static
trustzone/tz_cfg/trustzone_cfg.c:1549:6:TZ_set_DMA1MSC	8	static
trustzone/tz_cfg/trustzone_cfg.c:1564:6:TZ_set_DMA2MSC	16	static
trustzone/tz_cfg/trustzone_cfg.c:1588:6:TZ_set_DMA3MSC	16	static
trustzone/tz_cfg/trustzone_cfg.c:1612:6:TZ_set_I3CHMSC	8	static
trustzone/tz_cfg/trustzone_cfg.c:1628:6:TZ_set_SDIOMSC	8	static
trustzone/tz_cfg/trustzone_cfg.c:1643:6:TZ_mpc_register	0	static
trustzone/tz_cfg/trustzone_cfg.c:1702:6:TZ_Set_ALL_Secure	320	static
trustzone/tz_cfg/trustzone_cfg.c:2001:6:TZ_Set_ITS_byIRQNo	0	static
trustzone/tz_cfg/trustzone_cfg.c:2014:6:TZ_Set_ITNS_byIRQNo	0	static
trustzone/tz_cfg/trustzone_cfg.c:2028:6:TZ_Set_Secure_ByCFG	0	static
